
  Dropping all tables ................................................................................................................. 16.66ms DONE

   INFO  Preparing database.  

  Creating migration table ............................................................................................................. 8.01ms DONE

   INFO  Running migrations.  

  0001_01_01_000000_create_users_table ................................................................................................ 24.64ms DONE
  0001_01_01_000001_create_cache_table ................................................................................................. 6.51ms DONE
  0001_01_01_000002_create_jobs_table ................................................................................................. 18.57ms DONE
  2026_01_01_000001_add_role_to_users_table ............................................................................................ 7.10ms DONE
  2026_01_01_000010_create_priorities_table ............................................................................................ 6.55ms DONE
  2026_01_01_000020_create_case_statuses_table ......................................................................................... 8.05ms DONE
  2026_01_01_000030_create_request_types_table ......................................................................................... 7.52ms DONE
  2026_01_01_000040_create_applications_table .......................................................................................... 4.29ms DONE
  2026_01_01_000050_create_group_families_table ........................................................................................ 3.74ms DONE
  2026_01_01_000060_create_groups_table ................................................................................................ 4.77ms DONE
  2026_01_01_000070_create_profiles_table .............................................................................................. 4.49ms DONE
  2026_01_01_000080_create_daily_cases_table .......................................................................................... 23.37ms DONE
  2026_01_01_000090_create_project_statuses_table ...................................................................................... 9.19ms DONE
  2026_01_01_000100_create_projects_table ............................................................................................. 15.67ms DONE
  2026_01_01_000110_create_task_statuses_table ......................................................................................... 8.05ms DONE
  2026_01_01_000120_create_project_tasks_table ......................................................................................... 3.98ms DONE
  2026_01_01_000130_create_case_project_table .......................................................................................... 7.62ms DONE
  2026_01_01_000140_create_sla_configurations_table .................................................................................... 4.77ms DONE
  2026_01_01_000150_create_audits_table ............................................................................................... 14.62ms DONE
  2026_01_01_000160_create_notifications_table ......................................................................................... 4.84ms DONE


   INFO  Seeding database.  

  Database\Seeders\CatalogSeeder ........................................................................................................... RUNNING  
  Database\Seeders\CatalogSeeder ....................................................................................................... 257 ms DONE  

  Database\Seeders\UserSeeder .............................................................................................................. RUNNING  
  Database\Seeders\UserSeeder .......................................................................................................... 209 ms DONE  

  Database\Seeders\DemoDataSeeder .......................................................................................................... RUNNING  
  Database\Seeders\DemoDataSeeder ...................................................................................................... 491 ms DONE  

EXIT=0
